// Jest Snapshot v1, https://goo.gl/fbAQLP

exports[`generates the single product information 1`] = `"5: chair<br/>chair from Apple<br/><a href=\\"/products\\" data-cy=\\"products-link\\">Back to Products </a>"`;
